Dakota version 6.10 released May 15 2019.
Repository revision c963f6c (2019-05-14) built May 15 2019 00:51:48.
Running MPI Dakota executable in serial mode.
Start time: Mon Jul  8 17:20:43 2019

-----------------------
Begin DAKOTA input file
calibration
-----------------------
  environment
    tabular_graphics_data
    method_pointer = 'nl2sol_id'
  method
    id_method = 'nl2sol_id'
    nl2sol
      output = verbose
      max_function_evaluations = 1000
      max_iterations = 100
      scaling
      speculative
      convergence_tolerance = 1.000000e-04
  model
    id_model = 'single_id'
    variables_pointer = 'continuous_design_id'
    responses_pointer = 'basic_gradient_id'
    single
      interface_pointer = 'system_id'
  variables
    id_variables = 'continuous_design_id'
    continuous_design = 1
      descriptor = "Y"
      initial_point = 5.500000e+02
      lower_bounds = 1.000000e+02
      upper_bounds = 1.000000e+03
      scale_types = 'auto'
  interface
    id_interface = 'system_id'
    analysis_driver = 'python /ascldap/users/thoffa/matcal/matcal/core/dakota/AnalysisDriver.py /home/thoffa/matcal/matcal/test/nightly/one_parameter_adagio_calibration/calibration.pkl'
    asynchronous
      evaluation_concurrency = 1
    system
      file_save
      parameters_file = 'params.in'
      results_file = 'objective.out'
      work_directory
        directory_tag
        directory_save
        named = 'matcal_workdir'
        copy_files = '/home/thoffa/matcal/matcal/test/nightly/one_parameter_adagio_calibration/matcal_calibration_files/*'
  responses
    id_responses = 'basic_gradient_id'
      calibration_terms = 1
      no_hessians
      numerical_gradients
      dakota
      interval_type = forward
      fd_step_size = 1.000000e-05
---------------------
End DAKOTA input file
---------------------

Using Dakota input file 'calibration'
Writing new restart file 'dakota.rst'.
methodName = nl2sol
Gradient type = numerical Hessian type = none

ScalingModel: Scaling enabled ('auto' scaling is reported as derived values)

Continuous design variable scales:
scale type        multiplier            offset label
value                    900               100 Y


>>>>> Executing environment.

>>>>> Running nl2sol iterator.

>>>>> nl2sol: pre-run phase.

>>>>> nl2sol: core run phase.

NONDEFAULT VALUES...

RFCTOL.... V(32) = 0.0001000000
XCTOL..... V(33) = 1.000000e-05
XFTOL..... V(34) = 1.000000e-08

------------------------------------------
Begin Dakota derivative estimation routine
------------------------------------------

>>>>> Initial map for analytic portion of response:

----------------------------------
Pre-processing Function Evaluation
----------------------------------
Variables before unscaling transformation:
                      5.0000000000e-01 Y


------------------------------
Begin system_id Evaluation    1
------------------------------
Parameters for evaluation 1:
                      5.5000000000e+02 Y

Changing directory to "matcal_workdir.1"
python /ascldap/users/thoffa/matcal/matcal/core/dakota/AnalysisDriver.py /home/thoffa/matcal/matcal/test/nightly/one_parameter_adagio_calibration/calibration.pkl params.in objective.out
Changing directory back to /home/thoffa/matcal/matcal/test/nightly/one_parameter_adagio_calibration

Active response data for system_id evaluation 1:
Active set vector = { 1 }
                      1.1057479010e+01 least_sq_term_1


>>>>> Dakota finite difference gradient evaluation for x[1] + h:

----------------------------------
Pre-processing Function Evaluation
----------------------------------
Variables before unscaling transformation:
                      5.0000500000e-01 Y


------------------------------
Begin system_id Evaluation    2
------------------------------
Parameters for evaluation 2:
                      5.5000450000e+02 Y

Changing directory to "matcal_workdir.2"
python /ascldap/users/thoffa/matcal/matcal/core/dakota/AnalysisDriver.py /home/thoffa/matcal/matcal/test/nightly/one_parameter_adagio_calibration/calibration.pkl params.in objective.out
Changing directory back to /home/thoffa/matcal/matcal/test/nightly/one_parameter_adagio_calibration

Active response data for system_id evaluation 2:
Active set vector = { 1 }
                      1.1058484235e+01 least_sq_term_1


>>>>> Total response returned to iterator:

Active set vector = { 3 } Deriv vars vector = { 1 }
                      1.1057479010e+01 least_sq_term_1
 [  2.0104507290e+02 ] least_sq_term_1 gradient



    I     INITIAL X(I)       D(I)

    1     0.500000           201.

   IT   NF     F       RELDF    PRELDF   RELDX   MODEL  STPPAR  D*STEP  NPRELDF

    0    1  61.1    

------------------------------------------
Begin Dakota derivative estimation routine
------------------------------------------

>>>>> Initial map for analytic portion of response:

----------------------------------
Pre-processing Function Evaluation
----------------------------------
Variables before unscaling transformation:
                      4.9547817365e-01 Y


------------------------------
Begin system_id Evaluation    3
------------------------------
Parameters for evaluation 3:
                      5.4593035628e+02 Y

Changing directory to "matcal_workdir.3"
python /ascldap/users/thoffa/matcal/matcal/core/dakota/AnalysisDriver.py /home/thoffa/matcal/matcal/test/nightly/one_parameter_adagio_calibration/calibration.pkl params.in objective.out
Changing directory back to /home/thoffa/matcal/matcal/test/nightly/one_parameter_adagio_calibration

Active response data for system_id evaluation 3:
Active set vector = { 1 }
                      1.0148388105e+01 least_sq_term_1


>>>>> Dakota finite difference gradient evaluation for x[1] + h:

----------------------------------
Pre-processing Function Evaluation
----------------------------------
Variables before unscaling transformation:
                      4.9548312843e-01 Y


------------------------------
Begin system_id Evaluation    4
------------------------------
Parameters for evaluation 4:
                      5.4593481558e+02 Y

Changing directory to "matcal_workdir.4"
python /ascldap/users/thoffa/matcal/matcal/core/dakota/AnalysisDriver.py /home/thoffa/matcal/matcal/test/nightly/one_parameter_adagio_calibration/calibration.pkl params.in objective.out
Changing directory back to /home/thoffa/matcal/matcal/test/nightly/one_parameter_adagio_calibration

Active response data for system_id evaluation 4:
Active set vector = { 1 }
                      1.0149384238e+01 least_sq_term_1


>>>>> Total response returned to iterator:

Active set vector = { 3 } Deriv vars vector = { 1 }
                      1.0148388105e+01 least_sq_term_1
 [  2.0104491227e+02 ] least_sq_term_1 gradient



------------------------------------------
Begin Dakota derivative estimation routine
------------------------------------------

>>>>> Initial map for analytic portion of response:

----------------------------------
Pre-processing Function Evaluation
----------------------------------
Variables before unscaling transformation:
                      4.9399645838e-01 Y


------------------------------
Begin system_id Evaluation    5
------------------------------
Parameters for evaluation 5:
                      5.4459681254e+02 Y

Changing directory to "matcal_workdir.5"
python /ascldap/users/thoffa/matcal/matcal/core/dakota/AnalysisDriver.py /home/thoffa/matcal/matcal/test/nightly/one_parameter_adagio_calibration/calibration.pkl params.in objective.out
Changing directory back to /home/thoffa/matcal/matcal/test/nightly/one_parameter_adagio_calibration

Active response data for system_id evaluation 5:
Active set vector = { 1 }
                      9.8504965376e+00 least_sq_term_1


>>>>> Dakota finite difference gradient evaluation for x[1] + h:

----------------------------------
Pre-processing Function Evaluation
----------------------------------
Variables before unscaling transformation:
                      4.9400139835e-01 Y


------------------------------
Begin system_id Evaluation    6
------------------------------
Parameters for evaluation 6:
                      5.4460125851e+02 Y

Changing directory to "matcal_workdir.6"
python /ascldap/users/thoffa/matcal/matcal/core/dakota/AnalysisDriver.py /home/thoffa/matcal/matcal/test/nightly/one_parameter_adagio_calibration/calibration.pkl params.in objective.out
Changing directory back to /home/thoffa/matcal/matcal/test/nightly/one_parameter_adagio_calibration

Active response data for system_id evaluation 6:
Active set vector = { 1 }
                      9.8514897002e+00 least_sq_term_1


>>>>> Total response returned to iterator:

Active set vector = { 3 } Deriv vars vector = { 1 }
                      9.8504965376e+00 least_sq_term_1
 [  2.0104651425e+02 ] least_sq_term_1 gradient


    1    3  48.5       0.21     0.21     0.006     G    7.      1.      1.0    

------------------------------------------
Begin Dakota derivative estimation routine
------------------------------------------

>>>>> Initial map for analytic portion of response:

----------------------------------
Pre-processing Function Evaluation
----------------------------------
Variables before unscaling transformation:
                      4.6998246407e-01 Y


------------------------------
Begin system_id Evaluation    7
------------------------------
Parameters for evaluation 7:
                      5.2298421766e+02 Y

Changing directory to "matcal_workdir.7"
python /ascldap/users/thoffa/matcal/matcal/core/dakota/AnalysisDriver.py /home/thoffa/matcal/matcal/test/nightly/one_parameter_adagio_calibration/calibration.pkl params.in objective.out
Changing directory back to /home/thoffa/matcal/matcal/test/nightly/one_parameter_adagio_calibration

Active response data for system_id evaluation 7:
Active set vector = { 1 }
                      5.0226013185e+00 least_sq_term_1


>>>>> Dakota finite difference gradient evaluation for x[1] + h:

----------------------------------
Pre-processing Function Evaluation
----------------------------------
Variables before unscaling transformation:
                      4.6998716389e-01 Y


------------------------------
Begin system_id Evaluation    8
------------------------------
Parameters for evaluation 8:
                      5.2298844750e+02 Y

Changing directory to "matcal_workdir.8"
python /ascldap/users/thoffa/matcal/matcal/core/dakota/AnalysisDriver.py /home/thoffa/matcal/matcal/test/nightly/one_parameter_adagio_calibration/calibration.pkl params.in objective.out
Changing directory back to /home/thoffa/matcal/matcal/test/nightly/one_parameter_adagio_calibration

Active response data for system_id evaluation 8:
Active set vector = { 1 }
                      5.0235461857e+00 least_sq_term_1


>>>>> Total response returned to iterator:

Active set vector = { 3 } Deriv vars vector = { 1 }
                      5.0226013185e+00 least_sq_term_1
 [  2.0104306824e+02 ] least_sq_term_1 gradient



------------------------------------------
Begin Dakota derivative estimation routine
------------------------------------------

>>>>> Initial map for analytic portion of response:

----------------------------------
Pre-processing Function Evaluation
----------------------------------
Variables before unscaling transformation:
                      4.4500035131e-01 Y


------------------------------
Begin system_id Evaluation    9
------------------------------
Parameters for evaluation 9:
                      5.0050031618e+02 Y

Changing directory to "matcal_workdir.9"
python /ascldap/users/thoffa/matcal/matcal/core/dakota/AnalysisDriver.py /home/thoffa/matcal/matcal/test/nightly/one_parameter_adagio_calibration/calibration.pkl params.in objective.out
Changing directory back to /home/thoffa/matcal/matcal/test/nightly/one_parameter_adagio_calibration

Active response data for system_id evaluation 9:
Active set vector = { 1 }
                      7.0633831846e-05 least_sq_term_1


>>>>> Dakota finite difference gradient evaluation for x[1] + h:

----------------------------------
Pre-processing Function Evaluation
----------------------------------
Variables before unscaling transformation:
                      4.4500480132e-01 Y


------------------------------
Begin system_id Evaluation   10
------------------------------
Parameters for evaluation 10:
                      5.0050432119e+02 Y

Changing directory to "matcal_workdir.10"
python /ascldap/users/thoffa/matcal/matcal/core/dakota/AnalysisDriver.py /home/thoffa/matcal/matcal/test/nightly/one_parameter_adagio_calibration/calibration.pkl params.in objective.out
Changing directory back to /home/thoffa/matcal/matcal/test/nightly/one_parameter_adagio_calibration

Active response data for system_id evaluation 10:
Active set vector = { 1 }
                      9.6528440624e-04 least_sq_term_1


>>>>> Total response returned to iterator:

Active set vector = { 3 } Deriv vars vector = { 1 }
                      7.0633831846e-05 least_sq_term_1
 [  2.0104491418e+02 ] least_sq_term_1 gradient


    2    5  2.49e-09   1.0      1.0      0.05      G    0.      1.e+01  1.0    

------------------------------------------
Begin Dakota derivative estimation routine
------------------------------------------

>>>>> Initial map for analytic portion of response:

----------------------------------
Pre-processing Function Evaluation
----------------------------------
Variables before unscaling transformation:
                      4.4499999998e-01 Y


------------------------------
Begin system_id Evaluation   11
------------------------------
Parameters for evaluation 11:
                      5.0049999998e+02 Y

Changing directory to "matcal_workdir.11"
python /ascldap/users/thoffa/matcal/matcal/core/dakota/AnalysisDriver.py /home/thoffa/matcal/matcal/test/nightly/one_parameter_adagio_calibration/calibration.pkl params.in objective.out
Changing directory back to /home/thoffa/matcal/matcal/test/nightly/one_parameter_adagio_calibration

Active response data for system_id evaluation 11:
Active set vector = { 1 }
                      3.8068383916e-12 least_sq_term_1


>>>>> Dakota finite difference gradient evaluation for x[1] + h:

----------------------------------
Pre-processing Function Evaluation
----------------------------------
Variables before unscaling transformation:
                      4.4500444998e-01 Y


------------------------------
Begin system_id Evaluation   12
------------------------------
Parameters for evaluation 12:
                      5.0050400498e+02 Y

Changing directory to "matcal_workdir.12"
python /ascldap/users/thoffa/matcal/matcal/core/dakota/AnalysisDriver.py /home/thoffa/matcal/matcal/test/nightly/one_parameter_adagio_calibration/calibration.pkl params.in objective.out
Changing directory back to /home/thoffa/matcal/matcal/test/nightly/one_parameter_adagio_calibration

Active response data for system_id evaluation 12:
Active set vector = { 1 }
                      8.9465057060e-04 least_sq_term_1


>>>>> Total response returned to iterator:

Active set vector = { 3 } Deriv vars vector = { 1 }
                      3.8068383916e-12 least_sq_term_1
 [  2.0104507120e+02 ] least_sq_term_1 gradient


    3    6  7.25e-24   1.0      1.0      4.e-07    G    0.      7.e-05  1.0    

***** X-CONVERGENCE *****

FUNCTION     7.24601e-24    RELDX        3.95e-07
FUNC. EVALS      6          GRAD. EVALS      4
PRELDF       1.00           NPRELDF      1.00

    I      FINAL X(I)        D(I)          G(I)

    1       0.445000         201.        7.65e-10

>>>>> nl2sol: post-run phase.

----------------------------------
Pre-processing Function Evaluation
----------------------------------
Variables before unscaling transformation:
                      4.4499999998e-01 Y

Info: Couldn't recover residual gradient for confidence interval calculation; will attempt re-evaluation.

------------------------------------------
Begin Dakota derivative estimation routine
------------------------------------------


----------------------------------
Pre-processing Function Evaluation
----------------------------------
Variables before unscaling transformation:
                      4.4499999998e-01 Y

>>>>> map at X performed previously and results retrieved

>>>>> Dakota finite difference gradient evaluation for x[1] + h:

----------------------------------
Pre-processing Function Evaluation
----------------------------------
Variables before unscaling transformation:
                      4.4500444998e-01 Y


------------------------------
Begin system_id Evaluation   13
------------------------------
Parameters for evaluation 13:
                      5.0050400498e+02 Y

Duplication detected: analysis_drivers not invoked.

Active response data retrieved from database:
Active set vector = { 1 }
                      8.9465057060e-04 least_sq_term_1


>>>>> Total response returned to iterator:

Active set vector = { 2 } Deriv vars vector = { 1 }
 [  2.0104507120e+02 ] least_sq_term_1 gradient


Primary response after unscaling transformation:
                      3.8068383916e-12 least_sq_term_1
 [  2.2338341244e-01 ] least_sq_term_1 gradient

<<<<< Function evaluation summary (system_id): 13 total (12 new, 1 duplicate)
least_sq_term_1: 13 val (12 n, 1 d), 0 grad (0 n, 0 d), 0 Hess (0 n, 0 d)
<<<<< Best parameters          =
                      5.0049999998e+02 Y
Original (as-posed) response:
<<<<< Best residual term  =
                      3.8068383916e-12
<<<<< Best residual norm =  3.8068383916e-12; 0.5 * norm^2 =  7.2460092697e-24
<<<<< Best evaluation ID: 11

Confidence Intervals on Calibrated Parameters:
             Y: [ 5.0049999998e+02, 5.0049999998e+02 ]

<<<<< Iterator nl2sol completed.
<<<<< Environment execution completed.
DAKOTA execution time in seconds:
  Total CPU        =        0.2 [parent =   0.197859, child =   0.002141]
  Total wall clock =    110.086
